Archive member included to satisfy reference by file (symbol)

e:/stm32_cubeide/stm32cubeide_1.7.0/stm32cubeide/plugins/com.st.stm32cube.ide.mcu.externaltools.gnu-tools-for-stm32.9-2020-q2-update.win32_2.0.0.202105311346/tools/bin/../lib/gcc/arm-none-eabi/9.3.1/../../../../arm-none-eabi/lib/thumb/v7-m/nofp\libc_nano.a(lib_a-errno.o)
                              ./Core/Src/syscalls.o (__errno)
e:/stm32_cubeide/stm32cubeide_1.7.0/stm32cubeide/plugins/com.st.stm32cube.ide.mcu.externaltools.gnu-tools-for-stm32.9-2020-q2-update.win32_2.0.0.202105311346/tools/bin/../lib/gcc/arm-none-eabi/9.3.1/../../../../arm-none-eabi/lib/thumb/v7-m/nofp\libc_nano.a(lib_a-exit.o)
                              e:/stm32_cubeide/stm32cubeide_1.7.0/stm32cubeide/plugins/com.st.stm32cube.ide.mcu.externaltools.gnu-tools-for-stm32.9-2020-q2-update.win32_2.0.0.202105311346/tools/bin/../lib/gcc/arm-none-eabi/9.3.1/../../../../arm-none-eabi/lib/thumb/v7-m/nofp/crt0.o (exit)
e:/stm32_cubeide/stm32cubeide_1.7.0/stm32cubeide/plugins/com.st.stm32cube.ide.mcu.externaltools.gnu-tools-for-stm32.9-2020-q2-update.win32_2.0.0.202105311346/tools/bin/../lib/gcc/arm-none-eabi/9.3.1/../../../../arm-none-eabi/lib/thumb/v7-m/nofp\libc_nano.a(lib_a-impure.o)
                              e:/stm32_cubeide/stm32cubeide_1.7.0/stm32cubeide/plugins/com.st.stm32cube.ide.mcu.externaltools.gnu-tools-for-stm32.9-2020-q2-update.win32_2.0.0.202105311346/tools/bin/../lib/gcc/arm-none-eabi/9.3.1/../../../../arm-none-eabi/lib/thumb/v7-m/nofp\libc_nano.a(lib_a-exit.o) (_global_impure_ptr)
e:/stm32_cubeide/stm32cubeide_1.7.0/stm32cubeide/plugins/com.st.stm32cube.ide.mcu.externaltools.gnu-tools-for-stm32.9-2020-q2-update.win32_2.0.0.202105311346/tools/bin/../lib/gcc/arm-none-eabi/9.3.1/../../../../arm-none-eabi/lib/thumb/v7-m/nofp\libc_nano.a(lib_a-init.o)
                              e:/stm32_cubeide/stm32cubeide_1.7.0/stm32cubeide/plugins/com.st.stm32cube.ide.mcu.externaltools.gnu-tools-for-stm32.9-2020-q2-update.win32_2.0.0.202105311346/tools/bin/../lib/gcc/arm-none-eabi/9.3.1/../../../../arm-none-eabi/lib/thumb/v7-m/nofp/crt0.o (__libc_init_array)
e:/stm32_cubeide/stm32cubeide_1.7.0/stm32cubeide/plugins/com.st.stm32cube.ide.mcu.externaltools.gnu-tools-for-stm32.9-2020-q2-update.win32_2.0.0.202105311346/tools/bin/../lib/gcc/arm-none-eabi/9.3.1/../../../../arm-none-eabi/lib/thumb/v7-m/nofp\libc_nano.a(lib_a-memset.o)
                              e:/stm32_cubeide/stm32cubeide_1.7.0/stm32cubeide/plugins/com.st.stm32cube.ide.mcu.externaltools.gnu-tools-for-stm32.9-2020-q2-update.win32_2.0.0.202105311346/tools/bin/../lib/gcc/arm-none-eabi/9.3.1/../../../../arm-none-eabi/lib/thumb/v7-m/nofp/crt0.o (memset)

Allocating common symbols
Common symbol       size              file

SCH_tasks_G         0x320             ./Core/Src/fsm_automatic.o
uwTick              0x4               ./Drivers/STM32F1xx_HAL_Driver/Src/stm32f1xx_hal.o
pFlash              0x20              ./Drivers/STM32F1xx_HAL_Driver/Src/stm32f1xx_hal_flash.o
htim2               0x48              ./Core/Src/main.o

Discarded input sections

 .text          0x0000000000000000        0x0 e:/stm32_cubeide/stm32cubeide_1.7.0/stm32cubeide/plugins/com.st.stm32cube.ide.mcu.externaltools.gnu-tools-for-stm32.9-2020-q2-update.win32_2.0.0.202105311346/tools/bin/../lib/gcc/arm-none-eabi/9.3.1/thumb/v7-m/nofp/crti.o
 .data          0x0000000000000000        0x0 e:/stm32_cubeide/stm32cubeide_1.7.0/stm32cubeide/plugins/com.st.stm32cube.ide.mcu.externaltools.gnu-tools-for-stm32.9-2020-q2-update.win32_2.0.0.202105311346/tools/bin/../lib/gcc/arm-none-eabi/9.3.1/thumb/v7-m/nofp/crti.o
 .bss           0x0000000000000000        0x0 e:/stm32_cubeide/stm32cubeide_1.7.0/stm32cubeide/plugins/com.st.stm32cube.ide.mcu.externaltools.gnu-tools-for-stm32.9-2020-q2-update.win32_2.0.0.202105311346/tools/bin/../lib/gcc/arm-none-eabi/9.3.1/thumb/v7-m/nofp/crti.o
 .data          0x0000000000000000        0x4 e:/stm32_cubeide/stm32cubeide_1.7.0/stm32cubeide/plugins/com.st.stm32cube.ide.mcu.externaltools.gnu-tools-for-stm32.9-2020-q2-update.win32_2.0.0.202105311346/tools/bin/../lib/gcc/arm-none-eabi/9.3.1/thumb/v7-m/nofp/crtbegin.o
 .text          0x0000000000000000       0x7c e:/stm32_cubeide/stm32cubeide_1.7.0/stm32cubeide/plugins/com.st.stm32cube.ide.mcu.externaltools.gnu-tools-for-stm32.9-2020-q2-update.win32_2.0.0.202105311346/tools/bin/../lib/gcc/arm-none-eabi/9.3.1/../../../../arm-none-eabi/lib/thumb/v7-m/nofp/crt0.o
 .data          0x0000000000000000        0x0 e:/stm32_cubeide/stm32cubeide_1.7.0/stm32cubeide/plugins/com.st.stm32cube.ide.mcu.externaltools.gnu-tools-for-stm32.9-2020-q2-update.win32_2.0.0.202105311346/tools/bin/../lib/gcc/arm-none-eabi/9.3.1/../../../../arm-none-eabi/lib/thumb/v7-m/nofp/crt0.o
[...]
Memory Configuration

Name             Origin             Length             Attributes
RAM              0x0000000020000000 0x0000000000002800 xrw
FLASH            0x0000000008000000 0x0000000000008000 xr
*default*        0x0000000000000000 0xffffffffffffffff

Linker script and memory map

LOAD e:/stm32_cubeide/stm32cubeide_1.7.0/stm32cubeide/plugins/com.st.stm32cube.ide.mcu.externaltools.gnu-tools-for-stm32.9-2020-q2-update.win32_2.0.0.202105311346/tools/bin/../lib/gcc/arm-none-eabi/9.3.1/thumb/v7-m/nofp/crti.o
LOAD e:/stm32_cubeide/stm32cubeide_1.7.0/stm32cubeide/plugins/com.st.stm32cube.ide.mcu.externaltools.gnu-tools-for-stm32.9-2020-q2-update.win32_2.0.0.202105311346/tools/bin/../lib/gcc/arm-none-eabi/9.3.1/thumb/v7-m/nofp/crtbegin.o
LOAD e:/stm32_cubeide/stm32cubeide_1.7.0/stm32cubeide/plugins/com.st.stm32cube.ide.mcu.externaltools.gnu-tools-for-stm32.9-2020-q2-update.win32_2.0.0.202105311346/tools/bin/../lib/gcc/arm-none-eabi/9.3.1/../../../../arm-none-eabi/lib/thumb/v7-m/nofp/crt0.o
LOAD ./Core/Src/button.o
LOAD ./Core/Src/fsm_automatic.o
LOAD ./Core/Src/fsm_manual.o
LOAD ./Core/Src/global.o
LOAD ./Core/Src/led7_segment.o
LOAD ./Core/Src/main.o
LOAD ./Core/Src/scheduler.o
LOAD ./Core/Src/software_timer.o
LOAD ./Core/Src/stm32f1xx_hal_msp.o
LOAD ./Core/Src/stm32f1xx_it.o
LOAD ./Core/Src/syscalls.o
LOAD ./Core/Src/sysmem.o
LOAD ./Core/Src/system_stm32f1xx.o
LOAD ./Core/Src/traffic_light.o
LOAD ./Core/Startup/startup_stm32f103c6ux.o
LOAD ./Drivers/STM32F1xx_HAL_Driver/Src/stm32f1xx_hal.o
LOAD ./Drivers/STM32F1xx_HAL_Driver/Src/stm32f1xx_hal_cortex.o
LOAD ./Drivers/STM32F1xx_HAL_Driver/Src/stm32f1xx_hal_dma.o
LOAD ./Drivers/STM32F1xx_HAL_Driver/Src/stm32f1xx_hal_exti.o
LOAD ./Drivers/STM32F1xx_HAL_Driver/Src/stm32f1xx_hal_flash.o
LOAD ./Drivers/STM32F1xx_HAL_Driver/Src/stm32f1xx_hal_flash_ex.o
LOAD ./Drivers/STM32F1xx_HAL_Driver/Src/stm32f1xx_hal_gpio.o
LOAD ./Drivers/STM32F1xx_HAL_Driver/Src/stm32f1xx_hal_gpio_ex.o
LOAD ./Drivers/STM32F1xx_HAL_Driver/Src/stm32f1xx_hal_pwr.o
LOAD ./Drivers/STM32F1xx_HAL_Driver/Src/stm32f1xx_hal_rcc.o
LOAD ./Drivers/STM32F1xx_HAL_Driver/Src/stm32f1xx_hal_rcc_ex.o
LOAD ./Drivers/STM32F1xx_HAL_Driver/Src/stm32f1xx_hal_tim.o
LOAD ./Drivers/STM32F1xx_HAL_Driver/Src/stm32f1xx_hal_tim_ex.o
START GROUP
LOAD e:/stm32_cubeide/stm32cubeide_1.7.0/stm32cubeide/plugins/com.st.stm32cube.ide.mcu.externaltools.gnu-tools-for-stm32.9-2020-q2-update.win32_2.0.0.202105311346/tools/bin/../lib/gcc/arm-none-eabi/9.3.1/../../../../arm-none-eabi/lib/thumb/v7-m/nofp\libc_nano.a
LOAD e:/stm32_cubeide/stm32cubeide_1.7.0/stm32cubeide/plugins/com.st.stm32cube.ide.mcu.externaltools.gnu-tools-for-stm32.9-2020-q2-update.win32_2.0.0.202105311346/tools/bin/../lib/gcc/arm-none-eabi/9.3.1/../../../../arm-none-eabi/lib/thumb/v7-m/nofp\libm.a
END GROUP
START GROUP
LOAD e:/stm32_cubeide/stm32cubeide_1.7.0/stm32cubeide/plugins/com.st.stm32cube.ide.mcu.externaltools.gnu-tools-for-stm32.9-2020-q2-update.win32_2.0.0.202105311346/tools/bin/../lib/gcc/arm-none-eabi/9.3.1/thumb/v7-m/nofp\libgcc.a
LOAD e:/stm32_cubeide/stm32cubeide_1.7.0/stm32cubeide/plugins/com.st.stm32cube.ide.mcu.externaltools.gnu-tools-for-stm32.9-2020-q2-update.win32_2.0.0.202105311346/tools/bin/../lib/gcc/arm-none-eabi/9.3.1/../../../../arm-none-eabi/lib/thumb/v7-m/nofp\libc_nano.a
END GROUP
START GROUP
LOAD e:/stm32_cubeide/stm32cubeide_1.7.0/stm32cubeide/plugins/com.st.stm32cube.ide.mcu.externaltools.gnu-tools-for-stm32.9-2020-q2-update.win32_2.0.0.202105311346/tools/bin/../lib/gcc/arm-none-eabi/9.3.1/thumb/v7-m/nofp\libgcc.a
LOAD e:/stm32_cubeide/stm32cubeide_1.7.0/stm32cubeide/plugins/com.st.stm32cube.ide.mcu.externaltools.gnu-tools-for-stm32.9-2020-q2-update.win32_2.0.0.202105311346/tools/bin/../lib/gcc/arm-none-eabi/9.3.1/../../../../arm-none-eabi/lib/thumb/v7-m/nofp\libc_nano.a
LOAD e:/stm32_cubeide/stm32cubeide_1.7.0/stm32cubeide/plugins/com.st.stm32cube.ide.mcu.externaltools.gnu-tools-for-stm32.9-2020-q2-update.win32_2.0.0.202105311346/tools/bin/../lib/gcc/arm-none-eabi/9.3.1/../../../../arm-none-eabi/lib/thumb/v7-m/nofp\libnosys.a
END GROUP
START GROUP
LOAD e:/stm32_cubeide/stm32cubeide_1.7.0/stm32cubeide/plugins/com.st.stm32cube.ide.mcu.externaltools.gnu-tools-for-stm32.9-2020-q2-update.win32_2.0.0.202105311346/tools/bin/../lib/gcc/arm-none-eabi/9.3.1/thumb/v7-m/nofp\libgcc.a
LOAD e:/stm32_cubeide/stm32cubeide_1.7.0/stm32cubeide/plugins/com.st.stm32cube.ide.mcu.externaltools.gnu-tools-for-stm32.9-2020-q2-update.win32_2.0.0.202105311346/tools/bin/../lib/gcc/arm-none-eabi/9.3.1/../../../../arm-none-eabi/lib/thumb/v7-m/nofp\libc_nano.a
LOAD e:/stm32_cubeide/stm32cubeide_1.7.0/stm32cubeide/plugins/com.st.stm32cube.ide.mcu.externaltools.gnu-tools-for-stm32.9-2020-q2-update.win32_2.0.0.202105311346/tools/bin/../lib/gcc/arm-none-eabi/9.3.1/../../../../arm-none-eabi/lib/thumb/v7-m/nofp\libnosys.a
END GROUP
LOAD e:/stm32_cubeide/stm32cubeide_1.7.0/stm32cubeide/plugins/com.st.stm32cube.ide.mcu.externaltools.gnu-tools-for-stm32.9-2020-q2-update.win32_2.0.0.202105311346/tools/bin/../lib/gcc/arm-none-eabi/9.3.1/thumb/v7-m/nofp/crtend.o
LOAD e:/stm32_cubeide/stm32cubeide_1.7.0/stm32cubeide/plugins/com.st.stm32cube.ide.mcu.externaltools.gnu-tools-for-stm32.9-2020-q2-update.win32_2.0.0.202105311346/tools/bin/../lib/gcc/arm-none-eabi/9.3.1/thumb/v7-m/nofp/crtn.o
                0x0000000020002800                _estack = (ORIGIN (RAM) + LENGTH (RAM))
                0x0000000000000200                _Min_Heap_Size = 0x200
                0x0000000000000400                _Min_Stack_Size = 0x400

.isr_vector     0x0000000008000000      0x10c
                0x0000000008000000                . = ALIGN (0x4)
 *(.isr_vector)
 .isr_vector    0x0000000008000000      0x10c ./Core/Startup/startup_stm32f103c6ux.o
                0x0000000008000000                g_pfnVectors
                0x000000000800010c                . = ALIGN (0x4)

.text           0x000000000800010c     0x2ecc
                0x000000000800010c                . = ALIGN (0x4)
 *(.text)
 .text          0x000000000800010c       0x40 e:/stm32_cubeide/stm32cubeide_1.7.0/stm32cubeide/plugins/com.st.stm32cube.ide.mcu.externaltools.gnu-tools-for-stm32.9-2020-q2-update.win32_2.0.0.202105311346/tools/bin/../lib/gcc/arm-none-eabi/9.3.1/thumb/v7-m/nofp/crtbegin.o
 *(.text*)
 .text.isButtonPressed
                0x000000000800014c       0x34 ./Core/Src/button.o
                0x000000000800014c                isButtonPressed
 .text.subKeyProcess
                0x0000000008000180       0x20 ./Core/Src/button.o
                0x0000000008000180                subKeyProcess
 .text.getKeyInput
                0x00000000080001a0      0x100 ./Core/Src/button.o
                0x00000000080001a0                getKeyInput
 .text.fsm_automatic
                0x00000000080002a0      0x31c ./Core/Src/fsm_automatic.o
                0x00000000080002a0                fsm_automatic
 .text.fsm_manual
                0x00000000080005bc      0x430 ./Core/Src/fsm_manual.o
                0x00000000080005bc                fsm_manual
 .text.initWaitingTime
                0x00000000080009ec       0x34 ./Core/Src/global.o
                0x00000000080009ec                initWaitingTime
 .text.initVar  0x0000000008000a20       0xec ./Core/Src/global.o
                0x0000000008000a20                initVar
 .text.display7SEG1
                0x0000000008000b0c       0xd8 ./Core/Src/led7_segment.o
                0x0000000008000b0c                display7SEG1
 .text.display7SEG2
                0x0000000008000be4       0xe4 ./Core/Src/led7_segment.o
                0x0000000008000be4                display7SEG2
 .text.blinkDigit1
                0x0000000008000cc8       0x74 ./Core/Src/led7_segment.o
                0x0000000008000cc8                blinkDigit1
 .text.blinkDigit2
                0x0000000008000d3c       0x88 ./Core/Src/led7_segment.o
                0x0000000008000d3c                blinkDigit2
 .text.main     0x0000000008000dc4       0x68 ./Core/Src/main.o
                0x0000000008000dc4                main
 .text.SystemClock_Config
                0x0000000008000e2c       0x76 ./Core/Src/main.o
                0x0000000008000e2c                SystemClock_Config
 *fill*         0x0000000008000ea2        0x2 
 .text.MX_TIM2_Init
                0x0000000008000ea4       0x98 ./Core/Src/main.o
 .text.MX_GPIO_Init
                0x0000000008000f3c       0xc8 ./Core/Src/main.o
 .text.HAL_TIM_PeriodElapsedCallback
                0x0000000008001004       0x14 ./Core/Src/main.o
                0x0000000008001004                HAL_TIM_PeriodElapsedCallback
 .text.Error_Handler
                0x0000000008001018        0xa ./Core/Src/main.o
                0x0000000008001018                Error_Handler
 .text.SCH_Init
                0x0000000008001022       0x2a ./Core/Src/scheduler.o
                0x0000000008001022                SCH_Init
 .text.SCH_Add_Task
                0x000000000800104c       0xb8 ./Core/Src/scheduler.o
                0x000000000800104c                SCH_Add_Task
 .text.SCH_Update_ListTask
                0x0000000008001104       0x58 ./Core/Src/scheduler.o
                0x0000000008001104                SCH_Update_ListTask
 .text.SCH_Dispatch_Tasks
                0x000000000800115c       0xb8 ./Core/Src/scheduler.o
                0x000000000800115c                SCH_Dispatch_Tasks
 .text.SCH_Update
                0x0000000008001214       0xb0 ./Core/Src/scheduler.o
                0x0000000008001214                SCH_Update
 .text.SCH_Delete_Task
                0x00000000080012c4       0x68 ./Core/Src/scheduler.o
                0x00000000080012c4                SCH_Delete_Task
 .text.setTimer1
                0x000000000800132c       0x28 ./Core/Src/software_timer.o
                0x000000000800132c                setTimer1
 .text.setTimer2
                0x0000000008001354       0x28 ./Core/Src/software_timer.o
                0x0000000008001354                setTimer2
 .text.setTimer3
                0x000000000800137c       0x28 ./Core/Src/software_timer.o
                0x000000000800137c                setTimer3
 .text.setTimer4
                0x00000000080013a4       0x28 ./Core/Src/software_timer.o
                0x00000000080013a4                setTimer4
 .text.setTimer5
                0x00000000080013cc       0x28 ./Core/Src/software_timer.o
                0x00000000080013cc                setTimer5
 .text.setTimer6
                0x00000000080013f4       0x28 ./Core/Src/software_timer.o
                0x00000000080013f4                setTimer6
 .text.setTimer7
                0x000000000800141c       0x28 ./Core/Src/software_timer.o
                0x000000000800141c                setTimer7
 .text.setTimer8
                0x0000000008001444       0x28 ./Core/Src/software_timer.o
                0x0000000008001444                setTimer8
 .text.setTimer9
                0x000000000800146c       0x28 ./Core/Src/software_timer.o
                0x000000000800146c                setTimer9
 .text.timerRun
                0x0000000008001494      0x19c ./Core/Src/software_timer.o
                0x0000000008001494                timerRun
 .text.HAL_MspInit
                0x0000000008001630       0x64 ./Core/Src/stm32f1xx_hal_msp.o
                0x0000000008001630                HAL_MspInit
 .text.HAL_TIM_Base_MspInit
                0x0000000008001694       0x48 ./Core/Src/stm32f1xx_hal_msp.o
                0x0000000008001694                HAL_TIM_Base_MspInit
 .text.NMI_Handler
                0x00000000080016dc        0x6 ./Core/Src/stm32f1xx_it.o
                0x00000000080016dc                NMI_Handler
 .text.HardFault_Handler
                0x00000000080016e2        0x6 ./Core/Src/stm32f1xx_it.o
                0x00000000080016e2                HardFault_Handler
 .text.MemManage_Handler
                0x00000000080016e8        0x6 ./Core/Src/stm32f1xx_it.o
                0x00000000080016e8                MemManage_Handler
 .text.BusFault_Handler
                0x00000000080016ee        0x6 ./Core/Src/stm32f1xx_it.o
                0x00000000080016ee                BusFault_Handler
 .text.UsageFault_Handler
                0x00000000080016f4        0x6 ./Core/Src/stm32f1xx_it.o
                0x00000000080016f4                UsageFault_Handler
 .text.SVC_Handler
                0x00000000080016fa        0xc ./Core/Src/stm32f1xx_it.o
                0x00000000080016fa                SVC_Handler
 .text.DebugMon_Handler
                0x0000000008001706        0xc ./Core/Src/stm32f1xx_it.o
                0x0000000008001706                DebugMon_Handler
 .text.PendSV_Handler
                0x0000000008001712        0xc ./Core/Src/stm32f1xx_it.o
                0x0000000008001712                PendSV_Handler
 .text.SysTick_Handler
                0x000000000800171e        0xc ./Core/Src/stm32f1xx_it.o
                0x000000000800171e                SysTick_Handler
 *fill*         0x000000000800172a        0x2 
 .text.TIM2_IRQHandler
                0x000000000800172c       0x14 ./Core/Src/stm32f1xx_it.o
                0x000000000800172c                TIM2_IRQHandler
 .text.SystemInit
                0x0000000008001740        0xc ./Core/Src/system_stm32f1xx.o
                0x0000000008001740                SystemInit
 .text.enableRed1
                0x000000000800174c       0x2c ./Core/Src/traffic_light.o
                0x000000000800174c                enableRed1
 .text.enableYellow1
                0x0000000008001778       0x2c ./Core/Src/traffic_light.o
                0x0000000008001778                enableYellow1
 .text.enableGreen1
                0x00000000080017a4       0x2c ./Core/Src/traffic_light.o
                0x00000000080017a4                enableGreen1
 .text.enableRed2
                0x00000000080017d0       0x2c ./Core/Src/traffic_light.o
                0x00000000080017d0                enableRed2
 .text.enableYellow2
                0x00000000080017fc       0x2c ./Core/Src/traffic_light.o
                0x00000000080017fc                enableYellow2
 .text.enableGreen2
                0x0000000008001828       0x2c ./Core/Src/traffic_light.o
                0x0000000008001828                enableGreen2
 .text.toggleREDs
                0x0000000008001854       0x44 ./Core/Src/traffic_light.o
                0x0000000008001854                toggleREDs
 .text.toggleGREENs
                0x0000000008001898       0x44 ./Core/Src/traffic_light.o
                0x0000000008001898                toggleGREENs
 .text.toggleYELLOWs
                0x00000000080018dc       0x44 ./Core/Src/traffic_light.o
                0x00000000080018dc                toggleYELLOWs
 .text.Reset_Handler
                0x0000000008001920       0x48 ./Core/Startup/startup_stm32f103c6ux.o
                0x0000000008001920                Reset_Handler
 .text.Default_Handler
                0x0000000008001968        0x2 ./Core/Startup/startup_stm32f103c6ux.o
                0x0000000008001968                RTC_Alarm_IRQHandler
                0x0000000008001968                EXTI2_IRQHandler
                0x0000000008001968                TIM1_CC_IRQHandler
                0x0000000008001968                PVD_IRQHandler
                0x0000000008001968                EXTI3_IRQHandler
                0x0000000008001968                EXTI0_IRQHandler
                0x0000000008001968                ADC1_2_IRQHandler
                0x0000000008001968                SPI1_IRQHandler
                0x0000000008001968                TAMPER_IRQHandler
                0x0000000008001968                DMA1_Channel4_IRQHandler
                0x0000000008001968                RTC_IRQHandler
                0x0000000008001968                DMA1_Channel7_IRQHandler
                0x0000000008001968                CAN1_RX1_IRQHandler
                0x0000000008001968                I2C1_EV_IRQHandler
                0x0000000008001968                DMA1_Channel6_IRQHandler
                0x0000000008001968                TIM3_IRQHandler
                0x0000000008001968                RCC_IRQHandler
                0x0000000008001968                TIM1_TRG_COM_IRQHandler
                0x0000000008001968                DMA1_Channel1_IRQHandler
                0x0000000008001968                Default_Handler
                0x0000000008001968                EXTI15_10_IRQHandler
                0x0000000008001968                EXTI9_5_IRQHandler
                0x0000000008001968                DMA1_Channel5_IRQHandler
                0x0000000008001968                EXTI4_IRQHandler
                0x0000000008001968                USB_LP_CAN1_RX0_IRQHandler
                0x0000000008001968                USB_HP_CAN1_TX_IRQHandler
                0x0000000008001968                DMA1_Channel3_IRQHandler
                0x0000000008001968                TIM1_UP_IRQHandler
                0x0000000008001968                WWDG_IRQHandler
                0x0000000008001968                TIM1_BRK_IRQHandler
                0x0000000008001968                EXTI1_IRQHandler
                0x0000000008001968                USART2_IRQHandler
                0x0000000008001968                DMA1_Channel2_IRQHandler
                0x0000000008001968                CAN1_SCE_IRQHandler
                0x0000000008001968                FLASH_IRQHandler
                0x0000000008001968                USART1_IRQHandler
                0x0000000008001968                I2C1_ER_IRQHandler
                0x0000000008001968                USBWakeUp_IRQHandler
 *fill*         0x000000000800196a        0x2 
 .text.HAL_Init
                0x000000000800196c       0x2c ./Drivers/STM32F1xx_HAL_Driver/Src/stm32f1xx_hal.o
                0x000000000800196c                HAL_Init
 .text.HAL_InitTick
                0x0000000008001998       0x60 ./Drivers/STM32F1xx_HAL_Driver/Src/stm32f1xx_hal.o
                0x0000000008001998                HAL_InitTick
 .text.HAL_IncTick
                0x00000000080019f8       0x24 ./Drivers/STM32F1xx_HAL_Driver/Src/stm32f1xx_hal.o
                0x00000000080019f8                HAL_IncTick
 .text.HAL_GetTick
                0x0000000008001a1c       0x14 ./Drivers/STM32F1xx_HAL_Driver/Src/stm32f1xx_hal.o
                0x0000000008001a1c                HAL_GetTick
 .text.__NVIC_SetPriorityGrouping
                0x0000000008001a30       0x48 ./Drivers/STM32F1xx_HAL_Driver/Src/stm32f1xx_hal_cortex.o
 .text.__NVIC_GetPriorityGrouping
                0x0000000008001a78       0x1c ./Drivers/STM32F1xx_HAL_Driver/Src/stm32f1xx_hal_cortex.o
 .text.__NVIC_EnableIRQ
                0x0000000008001a94       0x38 ./Drivers/STM32F1xx_HAL_Driver/Src/stm32f1xx_hal_cortex.o
 .text.__NVIC_SetPriority
                0x0000000008001acc       0x54 ./Drivers/STM32F1xx_HAL_Driver/Src/stm32f1xx_hal_cortex.o
 .text.NVIC_EncodePriority
                0x0000000008001b20       0x64 ./Drivers/STM32F1xx_HAL_Driver/Src/stm32f1xx_hal_cortex.o
 .text.SysTick_Config
                0x0000000008001b84       0x44 ./Drivers/STM32F1xx_HAL_Driver/Src/stm32f1xx_hal_cortex.o
 .text.HAL_NVIC_SetPriorityGrouping
                0x0000000008001bc8       0x16 ./Drivers/STM32F1xx_HAL_Driver/Src/stm32f1xx_hal_cortex.o
                0x0000000008001bc8                HAL_NVIC_SetPriorityGrouping
 .text.HAL_NVIC_SetPriority
                0x0000000008001bde       0x38 ./Drivers/STM32F1xx_HAL_Driver/Src/stm32f1xx_hal_cortex.o
                0x0000000008001bde                HAL_NVIC_SetPriority
 .text.HAL_NVIC_EnableIRQ
                0x0000000008001c16       0x1c ./Drivers/STM32F1xx_HAL_Driver/Src/stm32f1xx_hal_cortex.o
                0x0000000008001c16                HAL_NVIC_EnableIRQ
 .text.HAL_SYSTICK_Config
                0x0000000008001c32       0x18 ./Drivers/STM32F1xx_HAL_Driver/Src/stm32f1xx_hal_cortex.o
                0x0000000008001c32                HAL_SYSTICK_Config
 *fill*         0x0000000008001c4a        0x2 
 .text.HAL_GPIO_Init
                0x0000000008001c4c      0x2f4 ./Drivers/STM32F1xx_HAL_Driver/Src/stm32f1xx_hal_gpio.o
                0x0000000008001c4c                HAL_GPIO_Init
 .text.HAL_GPIO_ReadPin
                0x0000000008001f40       0x2e ./Drivers/STM32F1xx_HAL_Driver/Src/stm32f1xx_hal_gpio.o
                0x0000000008001f40                HAL_GPIO_ReadPin
 .text.HAL_GPIO_WritePin
                0x0000000008001f6e       0x30 ./Drivers/STM32F1xx_HAL_Driver/Src/stm32f1xx_hal_gpio.o
                0x0000000008001f6e                HAL_GPIO_WritePin
 .text.HAL_GPIO_TogglePin
                0x0000000008001f9e       0x32 ./Drivers/STM32F1xx_HAL_Driver/Src/stm32f1xx_hal_gpio.o
                0x0000000008001f9e                HAL_GPIO_TogglePin
 .text.HAL_RCC_OscConfig
                0x0000000008001fd0      0x500 ./Drivers/STM32F1xx_HAL_Driver/Src/stm32f1xx_hal_rcc.o
                0x0000000008001fd0                HAL_RCC_OscConfig
 .text.HAL_RCC_ClockConfig
                0x00000000080024d0      0x1d4 ./Drivers/STM32F1xx_HAL_Driver/Src/stm32f1xx_hal_rcc.o
                0x00000000080024d0                HAL_RCC_ClockConfig
 .text.HAL_RCC_GetSysClockFreq
                0x00000000080026a4       0xc0 ./Drivers/STM32F1xx_HAL_Driver/Src/stm32f1xx_hal_rcc.o
                0x00000000080026a4                HAL_RCC_GetSysClockFreq
 .text.RCC_Delay
                0x0000000008002764       0x3c ./Drivers/STM32F1xx_HAL_Driver/Src/stm32f1xx_hal_rcc.o
 .text.HAL_TIM_Base_Init
                0x00000000080027a0       0x9e ./Drivers/STM32F1xx_HAL_Driver/Src/stm32f1xx_hal_tim.o
                0x00000000080027a0                HAL_TIM_Base_Init
 *fill*         0x000000000800283e        0x2 
 .text.HAL_TIM_Base_Start_IT
                0x0000000008002840       0x98 ./Drivers/STM32F1xx_HAL_Driver/Src/stm32f1xx_hal_tim.o
                0x0000000008002840                HAL_TIM_Base_Start_IT
 .text.HAL_TIM_IRQHandler
                0x00000000080028d8      0x210 ./Drivers/STM32F1xx_HAL_Driver/Src/stm32f1xx_hal_tim.o
                0x00000000080028d8                HAL_TIM_IRQHandler
 .text.HAL_TIM_ConfigClockSource
                0x0000000008002ae8      0x188 ./Drivers/STM32F1xx_HAL_Driver/Src/stm32f1xx_hal_tim.o
                0x0000000008002ae8                HAL_TIM_ConfigClockSource
 .text.HAL_TIM_OC_DelayElapsedCallback
                0x0000000008002c70       0x12 ./Drivers/STM32F1xx_HAL_Driver/Src/stm32f1xx_hal_tim.o
                0x0000000008002c70                HAL_TIM_OC_DelayElapsedCallback
 .text.HAL_TIM_IC_CaptureCallback
                0x0000000008002c82       0x12 ./Drivers/STM32F1xx_HAL_Driver/Src/stm32f1xx_hal_tim.o
                0x0000000008002c82                HAL_TIM_IC_CaptureCallback
 .text.HAL_TIM_PWM_PulseFinishedCallback
                0x0000000008002c94       0x12 ./Drivers/STM32F1xx_HAL_Driver/Src/stm32f1xx_hal_tim.o
                0x0000000008002c94                HAL_TIM_PWM_PulseFinishedCallback
 .text.HAL_TIM_TriggerCallback
                0x0000000008002ca6       0x12 ./Drivers/STM32F1xx_HAL_Driver/Src/stm32f1xx_hal_tim.o
                0x0000000008002ca6                HAL_TIM_TriggerCallback
 .text.TIM_Base_SetConfig
                0x0000000008002cb8       0xb0 ./Drivers/STM32F1xx_HAL_Driver/Src/stm32f1xx_hal_tim.o
                0x0000000008002cb8                TIM_Base_SetConfig
 .text.TIM_TI1_ConfigInputStage
                0x0000000008002d68       0x5c ./Drivers/STM32F1xx_HAL_Driver/Src/stm32f1xx_hal_tim.o
 .text.TIM_TI2_ConfigInputStage
                0x0000000008002dc4       0x5e ./Drivers/STM32F1xx_HAL_Driver/Src/stm32f1xx_hal_tim.o
 .text.TIM_ITRx_SetConfig
                0x0000000008002e22       0x34 ./Drivers/STM32F1xx_HAL_Driver/Src/stm32f1xx_hal_tim.o
 .text.TIM_ETR_SetConfig
                0x0000000008002e56       0x3e ./Drivers/STM32F1xx_HAL_Driver/Src/stm32f1xx_hal_tim.o
                0x0000000008002e56                TIM_ETR_SetConfig
 .text.HAL_TIMEx_MasterConfigSynchronization
                0x0000000008002e94       0xb0 ./Drivers/STM32F1xx_HAL_Driver/Src/stm32f1xx_hal_tim_ex.o
                0x0000000008002e94                HAL_TIMEx_MasterConfigSynchronization
 .text.HAL_TIMEx_CommutCallback
                0x0000000008002f44       0x12 ./Drivers/STM32F1xx_HAL_Driver/Src/stm32f1xx_hal_tim_ex.o
                0x0000000008002f44                HAL_TIMEx_CommutCallback
 .text.HAL_TIMEx_BreakCallback
                0x0000000008002f56       0x12 ./Drivers/STM32F1xx_HAL_Driver/Src/stm32f1xx_hal_tim_ex.o
                0x0000000008002f56                HAL_TIMEx_BreakCallback
 .text.__libc_init_array
                0x0000000008002f68       0x48 e:/stm32_cubeide/stm32cubeide_1.7.0/stm32cubeide/plugins/com.st.stm32cube.ide.mcu.externaltools.gnu-tools-for-stm32.9-2020-q2-update.win32_2.0.0.202105311346/tools/bin/../lib/gcc/arm-none-eabi/9.3.1/../../../../arm-none-eabi/lib/thumb/v7-m/nofp\libc_nano.a(lib_a-init.o)
                0x0000000008002f68                __libc_init_array
 .text.memset   0x0000000008002fb0       0x10 e:/stm32_cubeide/stm32cubeide_1.7.0/stm32cubeide/plugins/com.st.stm32cube.ide.mcu.externaltools.gnu-tools-for-stm32.9-2020-q2-update.win32_2.0.0.202105311346/tools/bin/../lib/gcc/arm-none-eabi/9.3.1/../../../../arm-none-eabi/lib/thumb/v7-m/nofp\libc_nano.a(lib_a-memset.o)
                0x0000000008002fb0                memset
 *(.glue_7)
 .glue_7        0x0000000008002fc0        0x0 linker stubs
 *(.glue_7t)
 .glue_7t       0x0000000008002fc0        0x0 linker stubs
 *(.eh_frame)
 .eh_frame      0x0000000008002fc0        0x0 e:/stm32_cubeide/stm32cubeide_1.7.0/stm32cubeide/plugins/com.st.stm32cube.ide.mcu.externaltools.gnu-tools-for-stm32.9-2020-q2-update.win32_2.0.0.202105311346/tools/bin/../lib/gcc/arm-none-eabi/9.3.1/thumb/v7-m/nofp/crtbegin.o
 *(.init)
 .init          0x0000000008002fc0        0x4 e:/stm32_cubeide/stm32cubeide_1.7.0/stm32cubeide/plugins/com.st.stm32cube.ide.mcu.externaltools.gnu-tools-for-stm32.9-2020-q2-update.win32_2.0.0.202105311346/tools/bin/../lib/gcc/arm-none-eabi/9.3.1/thumb/v7-m/nofp/crti.o
                0x0000000008002fc0                _init
 .init          0x0000000008002fc4        0x8 e:/stm32_cubeide/stm32cubeide_1.7.0/stm32cubeide/plugins/com.st.stm32cube.ide.mcu.externaltools.gnu-tools-for-stm32.9-2020-q2-update.win32_2.0.0.202105311346/tools/bin/../lib/gcc/arm-none-eabi/9.3.1/thumb/v7-m/nofp/crtn.o
 *(.fini)
 .fini          0x0000000008002fcc        0x4 e:/stm32_cubeide/stm32cubeide_1.7.0/stm32cubeide/plugins/com.st.stm32cube.ide.mcu.externaltools.gnu-tools-for-stm32.9-2020-q2-update.win32_2.0.0.202105311346/tools/bin/../lib/gcc/arm-none-eabi/9.3.1/thumb/v7-m/nofp/crti.o
                0x0000000008002fcc                _fini
 .fini          0x0000000008002fd0        0x8 e:/stm32_cubeide/stm32cubeide_1.7.0/stm32cubeide/plugins/com.st.stm32cube.ide.mcu.externaltools.gnu-tools-for-stm32.9-2020-q2-update.win32_2.0.0.202105311346/tools/bin/../lib/gcc/arm-none-eabi/9.3.1/thumb/v7-m/nofp/crtn.o
                0x0000000008002fd8                . = ALIGN (0x4)
                0x0000000008002fd8                _etext = .

.vfp11_veneer   0x0000000008002fd8        0x0
 .vfp11_veneer  0x0000000008002fd8        0x0 linker stubs

.v4_bx          0x0000000008002fd8        0x0
 .v4_bx         0x0000000008002fd8        0x0 linker stubs

.iplt           0x0000000008002fd8        0x0
 .iplt          0x0000000008002fd8        0x0 e:/stm32_cubeide/stm32cubeide_1.7.0/stm32cubeide/plugins/com.st.stm32cube.ide.mcu.externaltools.gnu-tools-for-stm32.9-2020-q2-update.win32_2.0.0.202105311346/tools/bin/../lib/gcc/arm-none-eabi/9.3.1/thumb/v7-m/nofp/crtbegin.o

.rodata         0x0000000008002fd8       0x2c
                0x0000000008002fd8                . = ALIGN (0x4)
 *(.rodata)
 .rodata        0x0000000008002fd8       0x10 ./Drivers/STM32F1xx_HAL_Driver/Src/stm32f1xx_hal_rcc.o
 *(.rodata*)
 .rodata.sevenSegTable
                0x0000000008002fe8        0xa ./Core/Src/led7_segment.o
                0x0000000008002fe8                sevenSegTable
 *fill*         0x0000000008002ff2        0x2 
 .rodata.AHBPrescTable
                0x0000000008002ff4       0x10 ./Core/Src/system_stm32f1xx.o
                0x0000000008002ff4                AHBPrescTable
                0x0000000008003004                . = ALIGN (0x4)

.rel.dyn        0x0000000008003004        0x0
 .rel.iplt      0x0000000008003004        0x0 e:/stm32_cubeide/stm32cubeide_1.7.0/stm32cubeide/plugins/com.st.stm32cube.ide.mcu.externaltools.gnu-tools-for-stm32.9-2020-q2-update.win32_2.0.0.202105311346/tools/bin/../lib/gcc/arm-none-eabi/9.3.1/thumb/v7-m/nofp/crtbegin.o

.ARM.extab      0x0000000008003004        0x0
                0x0000000008003004                . = ALIGN (0x4)
 *(.ARM.extab* .gnu.linkonce.armextab.*)
                0x0000000008003004                . = ALIGN (0x4)

.ARM            0x0000000008003004        0x0
                0x0000000008003004                . = ALIGN (0x4)
                0x0000000008003004                __exidx_start = .
 *(.ARM.exidx*)
                0x0000000008003004                __exidx_end = .
                0x0000000008003004                . = ALIGN (0x4)

.preinit_array  0x0000000008003004        0x0
                0x0000000008003004                . = ALIGN (0x4)
                0x0000000008003004                PROVIDE (__preinit_array_start = .)
 *(.preinit_array*)
                0x0000000008003004                PROVIDE (__preinit_array_end = .)
                0x0000000008003004                . = ALIGN (0x4)

.init_array     0x0000000008003004        0x4
                0x0000000008003004                . = ALIGN (0x4)
                0x0000000008003004                PROVIDE (__init_array_start = .)
 *(SORT_BY_NAME(.init_array.*))
 *(.init_array*)
 .init_array    0x0000000008003004        0x4 e:/stm32_cubeide/stm32cubeide_1.7.0/stm32cubeide/plugins/com.st.stm32cube.ide.mcu.externaltools.gnu-tools-for-stm32.9-2020-q2-update.win32_2.0.0.202105311346/tools/bin/../lib/gcc/arm-none-eabi/9.3.1/thumb/v7-m/nofp/crtbegin.o
                0x0000000008003008                PROVIDE (__init_array_end = .)
                0x0000000008003008                . = ALIGN (0x4)

.fini_array     0x0000000008003008        0x4
                0x0000000008003008                . = ALIGN (0x4)
                [!provide]                        PROVIDE (__fini_array_start = .)
 *(SORT_BY_NAME(.fini_array.*))
 *(.fini_array*)
 .fini_array    0x0000000008003008        0x4 e:/stm32_cubeide/stm32cubeide_1.7.0/stm32cubeide/plugins/com.st.stm32cube.ide.mcu.externaltools.gnu-tools-for-stm32.9-2020-q2-update.win32_2.0.0.202105311346/tools/bin/../lib/gcc/arm-none-eabi/9.3.1/thumb/v7-m/nofp/crtbegin.o
                [!provide]                        PROVIDE (__fini_array_end = .)
                0x000000000800300c                . = ALIGN (0x4)
                0x000000000800300c                _sidata = LOADADDR (.data)

.data           0x0000000020000000       0x60 load address 0x000000000800300c
                0x0000000020000000                . = ALIGN (0x4)
                0x0000000020000000                _sdata = .
 *(.data)
 *(.data*)
 .data.buttonList
                0x0000000020000000       0x10 ./Core/Src/button.o
                0x0000000020000000                buttonList
 .data.KeyReg0  0x0000000020000010       0x10 ./Core/Src/button.o
                0x0000000020000010                KeyReg0
 .data.KeyReg1  0x0000000020000020       0x10 ./Core/Src/button.o
                0x0000000020000020                KeyReg1
 .data.KeyReg2  0x0000000020000030       0x10 ./Core/Src/button.o
                0x0000000020000030                KeyReg2
 .data.KeyReg3  0x0000000020000040       0x10 ./Core/Src/button.o
                0x0000000020000040                KeyReg3
 .data.TimeForKeyPress
                0x0000000020000050        0x4 ./Core/Src/button.o
                0x0000000020000050                TimeForKeyPress
 .data.SystemCoreClock
                0x0000000020000054        0x4 ./Core/Src/system_stm32f1xx.o
                0x0000000020000054                SystemCoreClock
 .data.uwTickPrio
                0x0000000020000058        0x4 ./Drivers/STM32F1xx_HAL_Driver/Src/stm32f1xx_hal.o
                0x0000000020000058                uwTickPrio
 .data.uwTickFreq
                0x000000002000005c        0x1 ./Drivers/STM32F1xx_HAL_Driver/Src/stm32f1xx_hal.o
                0x000000002000005c                uwTickFreq
 *(.RamFunc)
 *(.RamFunc*)
                0x0000000020000060                . = ALIGN (0x4)
 *fill*         0x000000002000005d        0x3 
                0x0000000020000060                _edata = .

.igot.plt       0x0000000020000060        0x0 load address 0x000000000800306c
 .igot.plt      0x0000000020000060        0x0 e:/stm32_cubeide/stm32cubeide_1.7.0/stm32cubeide/plugins/com.st.stm32cube.ide.mcu.externaltools.gnu-tools-for-stm32.9-2020-q2-update.win32_2.0.0.202105311346/tools/bin/../lib/gcc/arm-none-eabi/9.3.1/thumb/v7-m/nofp/crtbegin.o
                0x0000000020000060                . = ALIGN (0x4)

.bss            0x0000000020000060      0x44c load address 0x000000000800306c
                0x0000000020000060                _sbss = .
                0x0000000020000060                __bss_start__ = _sbss
 *(.bss)
 .bss           0x0000000020000060       0x1c e:/stm32_cubeide/stm32cubeide_1.7.0/stm32cubeide/plugins/com.st.stm32cube.ide.mcu.externaltools.gnu-tools-for-stm32.9-2020-q2-update.win32_2.0.0.202105311346/tools/bin/../lib/gcc/arm-none-eabi/9.3.1/thumb/v7-m/nofp/crtbegin.o
 *(.bss*)
 .bss.button_flag
                0x000000002000007c       0x10 ./Core/Src/button.o
                0x000000002000007c                button_flag
 .bss.led_buffer
                0x000000002000008c        0x8 ./Core/Src/fsm_automatic.o
                0x000000002000008c                led_buffer
 .bss.mode      0x0000000020000094        0x4 ./Core/Src/global.o
                0x0000000020000094                mode
 .bss.statusAUTO1
                0x0000000020000098        0x4 ./Core/Src/global.o
                0x0000000020000098                statusAUTO1
 .bss.statusAUTO2
                0x000000002000009c        0x4 ./Core/Src/global.o
                0x000000002000009c                statusAUTO2
 .bss.statusAUTO3
                0x00000000200000a0        0x4 ./Core/Src/global.o
                0x00000000200000a0                statusAUTO3
 .bss.statusAUTO4
                0x00000000200000a4        0x4 ./Core/Src/global.o
                0x00000000200000a4                statusAUTO4
 .bss.statusMODE2_1
                0x00000000200000a8        0x4 ./Core/Src/global.o
                0x00000000200000a8                statusMODE2_1
 .bss.statusMODE2_2
                0x00000000200000ac        0x4 ./Core/Src/global.o
                0x00000000200000ac                statusMODE2_2
 .bss.statusMODE2_3
                0x00000000200000b0        0x4 ./Core/Src/global.o
                0x00000000200000b0                statusMODE2_3
 .bss.statusMODE3_1
                0x00000000200000b4        0x4 ./Core/Src/global.o
                0x00000000200000b4                statusMODE3_1
 .bss.statusMODE3_2
                0x00000000200000b8        0x4 ./Core/Src/global.o
                0x00000000200000b8                statusMODE3_2
 .bss.statusMODE3_3
                0x00000000200000bc        0x4 ./Core/Src/global.o
                0x00000000200000bc                statusMODE3_3
 .bss.statusMODE4_1
                0x00000000200000c0        0x4 ./Core/Src/global.o
                0x00000000200000c0                statusMODE4_1
 .bss.statusMODE4_2
                0x00000000200000c4        0x4 ./Core/Src/global.o
                0x00000000200000c4                statusMODE4_2
 .bss.statusMODE4_3
                0x00000000200000c8        0x4 ./Core/Src/global.o
                0x00000000200000c8                statusMODE4_3
 .bss.AUTO_RED  0x00000000200000cc        0x4 ./Core/Src/global.o
                0x00000000200000cc                AUTO_RED
 .bss.AUTO_GREEN
                0x00000000200000d0        0x4 ./Core/Src/global.o
                0x00000000200000d0                AUTO_GREEN
 .bss.AUTO_YELLOW
                0x00000000200000d4        0x4 ./Core/Src/global.o
                0x00000000200000d4                AUTO_YELLOW
 .bss.counterRed1
                0x00000000200000d8        0x4 ./Core/Src/global.o
                0x00000000200000d8                counterRed1
 .bss.counterGreen1
                0x00000000200000dc        0x4 ./Core/Src/global.o
                0x00000000200000dc                counterGreen1
 .bss.counterYellow1
                0x00000000200000e0        0x4 ./Core/Src/global.o
                0x00000000200000e0                counterYellow1
 .bss.counterRed2
                0x00000000200000e4        0x4 ./Core/Src/global.o
                0x00000000200000e4                counterRed2
 .bss.counterGreen2
                0x00000000200000e8        0x4 ./Core/Src/global.o
                0x00000000200000e8                counterGreen2
 .bss.counterYellow2
                0x00000000200000ec        0x4 ./Core/Src/global.o
                0x00000000200000ec                counterYellow2
 .bss.timer1_counter
                0x00000000200000f0        0x4 ./Core/Src/software_timer.o
                0x00000000200000f0                timer1_counter
 .bss.timer1_flag
                0x00000000200000f4        0x4 ./Core/Src/software_timer.o
                0x00000000200000f4                timer1_flag
 .bss.timer2_counter
                0x00000000200000f8        0x4 ./Core/Src/software_timer.o
                0x00000000200000f8                timer2_counter
 .bss.timer2_flag
                0x00000000200000fc        0x4 ./Core/Src/software_timer.o
                0x00000000200000fc                timer2_flag
 .bss.timer3_counter
                0x0000000020000100        0x4 ./Core/Src/software_timer.o
                0x0000000020000100                timer3_counter
 .bss.timer3_flag
                0x0000000020000104        0x4 ./Core/Src/software_timer.o
                0x0000000020000104                timer3_flag
 .bss.timer4_counter
                0x0000000020000108        0x4 ./Core/Src/software_timer.o
                0x0000000020000108                timer4_counter
 .bss.timer4_flag
                0x000000002000010c        0x4 ./Core/Src/software_timer.o
                0x000000002000010c                timer4_flag
 .bss.timer5_counter
                0x0000000020000110        0x4 ./Core/Src/software_timer.o
                0x0000000020000110                timer5_counter
 .bss.timer5_flag
                0x0000000020000114        0x4 ./Core/Src/software_timer.o
                0x0000000020000114                timer5_flag
 .bss.timer6_counter
                0x0000000020000118        0x4 ./Core/Src/software_timer.o
                0x0000000020000118                timer6_counter
 .bss.timer6_flag
                0x000000002000011c        0x4 ./Core/Src/software_timer.o
                0x000000002000011c                timer6_flag
 .bss.timer7_counter
                0x0000000020000120        0x4 ./Core/Src/software_timer.o
                0x0000000020000120                timer7_counter
 .bss.timer7_flag
                0x0000000020000124        0x4 ./Core/Src/software_timer.o
                0x0000000020000124                timer7_flag
 .bss.timer8_counter
                0x0000000020000128        0x4 ./Core/Src/software_timer.o
                0x0000000020000128                timer8_counter
 .bss.timer8_flag
                0x000000002000012c        0x4 ./Core/Src/software_timer.o
                0x000000002000012c                timer8_flag
 .bss.timer9_counter
                0x0000000020000130        0x4 ./Core/Src/software_timer.o
                0x0000000020000130                timer9_counter
 .bss.timer9_flag
                0x0000000020000134        0x4 ./Core/Src/software_timer.o
                0x0000000020000134                timer9_flag
 .bss.timer10_counter
                0x0000000020000138        0x4 ./Core/Src/software_timer.o
                0x0000000020000138                timer10_counter
 .bss.timer10_flag
                0x000000002000013c        0x4 ./Core/Src/software_timer.o
                0x000000002000013c                timer10_flag
 *(COMMON)
 COMMON         0x0000000020000140      0x320 ./Core/Src/fsm_automatic.o
                0x0000000020000140                SCH_tasks_G
 COMMON         0x0000000020000460       0x48 ./Core/Src/main.o
                0x0000000020000460                htim2
 COMMON         0x00000000200004a8        0x4 ./Drivers/STM32F1xx_HAL_Driver/Src/stm32f1xx_hal.o
                0x00000000200004a8                uwTick
                0x00000000200004ac                . = ALIGN (0x4)
                0x00000000200004ac                _ebss = .
                0x00000000200004ac                __bss_end__ = _ebss

._user_heap_stack
                0x00000000200004ac      0x604 load address 0x000000000800306c
                0x00000000200004b0                . = ALIGN (0x8)
 *fill*         0x00000000200004ac        0x4 
                [!provide]                        PROVIDE (end = .)
                0x00000000200004b0                PROVIDE (_end = .)
                0x00000000200006b0                . = (. + _Min_Heap_Size)
 *fill*         0x00000000200004b0      0x200 
                0x0000000020000ab0                . = (. + _Min_Stack_Size)
 *fill*         0x00000000200006b0      0x400 
                0x0000000020000ab0                . = ALIGN (0x8)

/DISCARD/
 libc.a(*)
 libm.a(*)
 libgcc.a(*)

.ARM.attributes
                0x0000000000000000       0x29
 *(.ARM.attributes)
 .ARM.attributes
                0x0000000000000000       0x1d e:/stm32_cubeide/stm32cubeide_1.7.0/stm32cubeide/plugins/com.st.stm32cube.ide.mcu.externaltools.gnu-tools-for-stm32.9-2020-q2-update.win32_2.0.0.202105311346/tools/bin/../lib/gcc/arm-none-eabi/9.3.1/thumb/v7-m/nofp/crti.o
 .ARM.attributes
                0x000000000000001d       0x2d e:/stm32_cubeide/stm32cubeide_1.7.0/stm32cubeide/plugins/com.st.stm32cube.ide.mcu.externaltools.gnu-tools-for-stm32.9-2020-q2-update.win32_2.0.0.202105311346/tools/bin/../lib/gcc/arm-none-eabi/9.3.1/thumb/v7-m/nofp/crtbegin.o
 .ARM.attributes
                0x000000000000004a       0x2d ./Core/Src/button.o
 .ARM.attributes
                0x0000000000000077       0x2d ./Core/Src/fsm_automatic.o
 .ARM.attributes
                0x00000000000000a4       0x2d ./Core/Src/fsm_manual.o
 .ARM.attributes
                0x00000000000000d1       0x2d ./Core/Src/global.o
 .ARM.attributes
                0x00000000000000fe       0x2d ./Core/Src/led7_segment.o
 .ARM.attributes
                0x000000000000012b       0x2d ./Core/Src/main.o
 .ARM.attributes
                0x0000000000000158       0x2d ./Core/Src/scheduler.o
 .ARM.attributes
                0x0000000000000185       0x2d ./Core/Src/software_timer.o
 .ARM.attributes
                0x00000000000001b2       0x2d ./Core/Src/stm32f1xx_hal_msp.o
 .ARM.attributes
                0x00000000000001df       0x2d ./Core/Src/stm32f1xx_it.o
 .ARM.attributes
                0x000000000000020c       0x2d ./Core/Src/system_stm32f1xx.o
 .ARM.attributes
                0x0000000000000239       0x2d ./Core/Src/traffic_light.o
 .ARM.attributes
                0x0000000000000266       0x21 ./Core/Startup/startup_stm32f103c6ux.o
 .ARM.attributes
                0x0000000000000287       0x2d ./Drivers/STM32F1xx_HAL_Driver/Src/stm32f1xx_hal.o
 .ARM.attributes
                0x00000000000002b4       0x2d ./Drivers/STM32F1xx_HAL_Driver/Src/stm32f1xx_hal_cortex.o
 .ARM.attributes
                0x00000000000002e1       0x2d ./Drivers/STM32F1xx_HAL_Driver/Src/stm32f1xx_hal_gpio.o
 .ARM.attributes
                0x000000000000030e       0x2d ./Drivers/STM32F1xx_HAL_Driver/Src/stm32f1xx_hal_rcc.o
 .ARM.attributes
                0x000000000000033b       0x2d ./Drivers/STM32F1xx_HAL_Driver/Src/stm32f1xx_hal_tim.o
 .ARM.attributes
                0x0000000000000368       0x2d ./Drivers/STM32F1xx_HAL_Driver/Src/stm32f1xx_hal_tim_ex.o
 .ARM.attributes
                0x0000000000000395       0x2d e:/stm32_cubeide/stm32cubeide_1.7.0/stm32cubeide/plugins/com.st.stm32cube.ide.mcu.externaltools.gnu-tools-for-stm32.9-2020-q2-update.win32_2.0.0.202105311346/tools/bin/../lib/gcc/arm-none-eabi/9.3.1/../../../../arm-none-eabi/lib/thumb/v7-m/nofp\libc_nano.a(lib_a-init.o)
 .ARM.attributes
                0x00000000000003c2       0x2d e:/stm32_cubeide/stm32cubeide_1.7.0/stm32cubeide/plugins/com.st.stm32cube.ide.mcu.externaltools.gnu-tools-for-stm32.9-2020-q2-update.win32_2.0.0.202105311346/tools/bin/../lib/gcc/arm-none-eabi/9.3.1/../../../../arm-none-eabi/lib/thumb/v7-m/nofp\libc_nano.a(lib_a-memset.o)
 .ARM.attributes
                0x00000000000003ef       0x1d e:/stm32_cubeide/stm32cubeide_1.7.0/stm32cubeide/plugins/com.st.stm32cube.ide.mcu.externaltools.gnu-tools-for-stm32.9-2020-q2-update.win32_2.0.0.202105311346/tools/bin/../lib/gcc/arm-none-eabi/9.3.1/thumb/v7-m/nofp/crtn.o
OUTPUT(LAB4.elf elf32-littlearm)
LOAD linker stubs
LOAD e:/stm32_cubeide/stm32cubeide_1.7.0/stm32cubeide/plugins/com.st.stm32cube.ide.mcu.externaltools.gnu-tools-for-stm32.9-2020-q2-update.win32_2.0.0.202105311346/tools/bin/../lib/gcc/arm-none-eabi/9.3.1/../../../../arm-none-eabi/lib/thumb/v7-m/nofp\libc.a
LOAD e:/stm32_cubeide/stm32cubeide_1.7.0/stm32cubeide/plugins/com.st.stm32cube.ide.mcu.externaltools.gnu-tools-for-stm32.9-2020-q2-update.win32_2.0.0.202105311346/tools/bin/../lib/gcc/arm-none-eabi/9.3.1/../../../../arm-none-eabi/lib/thumb/v7-m/nofp\libm.a
LOAD e:/stm32_cubeide/stm32cubeide_1.7.0/stm32cubeide/plugins/com.st.stm32cube.ide.mcu.externaltools.gnu-tools-for-stm32.9-2020-q2-update.win32_2.0.0.202105311346/tools/bin/../lib/gcc/arm-none-eabi/9.3.1/thumb/v7-m/nofp\libgcc.a

.debug_info     0x0000000000000000     0xa3b5
 .debug_info    0x0000000000000000      0x4c1 ./Core/Src/button.o
 .debug_info    0x00000000000004c1      0x3c0 ./Core/Src/fsm_automatic.o
 .debug_info    0x0000000000000881      0x31e ./Core/Src/fsm_manual.o
 .debug_info    0x0000000000000b9f      0x472 ./Core/Src/global.o
 .debug_info    0x0000000000001011      0x306 ./Core/Src/led7_segment.o
 .debug_info    0x0000000000001317      0xd9e ./Core/Src/main.o
 .debug_info    0x00000000000020b5      0x4e8 ./Core/Src/scheduler.o
 .debug_info    0x000000000000259d      0x372 ./Core/Src/software_timer.o
 .debug_info    0x000000000000290f      0xa04 ./Core/Src/stm32f1xx_hal_msp.o
 .debug_info    0x0000000000003313      0x7b4 ./Core/Src/stm32f1xx_it.o
 .debug_info    0x0000000000003ac7      0x2be ./Core/Src/system_stm32f1xx.o
 .debug_info    0x0000000000003d85      0x45b ./Core/Src/traffic_light.o
 .debug_info    0x00000000000041e0       0x22 ./Core/Startup/startup_stm32f103c6ux.o
 .debug_info    0x0000000000004202      0x74c ./Drivers/STM32F1xx_HAL_Driver/Src/stm32f1xx_hal.o
 .debug_info    0x000000000000494e      0xbbe ./Drivers/STM32F1xx_HAL_Driver/Src/stm32f1xx_hal_cortex.o
 .debug_info    0x000000000000550c      0x701 ./Drivers/STM32F1xx_HAL_Driver/Src/stm32f1xx_hal_gpio.o
 .debug_info    0x0000000000005c0d      0x88e ./Drivers/STM32F1xx_HAL_Driver/Src/stm32f1xx_hal_rcc.o
 .debug_info    0x000000000000649b     0x2a45 ./Drivers/STM32F1xx_HAL_Driver/Src/stm32f1xx_hal_tim.o
 .debug_info    0x0000000000008ee0     0x14d5 ./Drivers/STM32F1xx_HAL_Driver/Src/stm32f1xx_hal_tim_ex.o

.debug_abbrev   0x0000000000000000     0x1d72
 .debug_abbrev  0x0000000000000000      0x16e ./Core/Src/button.o
 .debug_abbrev  0x000000000000016e       0xfb ./Core/Src/fsm_automatic.o
 .debug_abbrev  0x0000000000000269       0xb8 ./Core/Src/fsm_manual.o
 .debug_abbrev  0x0000000000000321       0xc7 ./Core/Src/global.o
 .debug_abbrev  0x00000000000003e8      0x152 ./Core/Src/led7_segment.o
 .debug_abbrev  0x000000000000053a      0x24f ./Core/Src/main.o
 .debug_abbrev  0x0000000000000789      0x17b ./Core/Src/scheduler.o
 .debug_abbrev  0x0000000000000904       0xc3 ./Core/Src/software_timer.o
 .debug_abbrev  0x00000000000009c7      0x1b7 ./Core/Src/stm32f1xx_hal_msp.o
 .debug_abbrev  0x0000000000000b7e      0x176 ./Core/Src/stm32f1xx_it.o
 .debug_abbrev  0x0000000000000cf4      0x14e ./Core/Src/system_stm32f1xx.o
 .debug_abbrev  0x0000000000000e42       0xff ./Core/Src/traffic_light.o
 .debug_abbrev  0x0000000000000f41       0x12 ./Core/Startup/startup_stm32f103c6ux.o
 .debug_abbrev  0x0000000000000f53      0x1ed ./Drivers/STM32F1xx_HAL_Driver/Src/stm32f1xx_hal.o
 .debug_abbrev  0x0000000000001140      0x313 ./Drivers/STM32F1xx_HAL_Driver/Src/stm32f1xx_hal_cortex.o
 .debug_abbrev  0x0000000000001453      0x1e8 ./Drivers/STM32F1xx_HAL_Driver/Src/stm32f1xx_hal_gpio.o
 .debug_abbrev  0x000000000000163b      0x273 ./Drivers/STM32F1xx_HAL_Driver/Src/stm32f1xx_hal_rcc.o
 .debug_abbrev  0x00000000000018ae      0x25e ./Drivers/STM32F1xx_HAL_Driver/Src/stm32f1xx_hal_tim.o
 .debug_abbrev  0x0000000000001b0c      0x266 ./Drivers/STM32F1xx_HAL_Driver/Src/stm32f1xx_hal_tim_ex.o

.debug_aranges  0x0000000000000000      0xb18
 .debug_aranges
                0x0000000000000000       0x30 ./Core/Src/button.o
 .debug_aranges
                0x0000000000000030       0x20 ./Core/Src/fsm_automatic.o
 .debug_aranges
                0x0000000000000050       0x20 ./Core/Src/fsm_manual.o
 .debug_aranges
                0x0000000000000070       0x28 ./Core/Src/global.o
 .debug_aranges
                0x0000000000000098       0x38 ./Core/Src/led7_segment.o
 .debug_aranges
                0x00000000000000d0       0x48 ./Core/Src/main.o
 .debug_aranges
                0x0000000000000118       0x48 ./Core/Src/scheduler.o
 .debug_aranges
                0x0000000000000160       0x70 ./Core/Src/software_timer.o
 .debug_aranges
                0x00000000000001d0       0x30 ./Core/Src/stm32f1xx_hal_msp.o
 .debug_aranges
                0x0000000000000200       0x68 ./Core/Src/stm32f1xx_it.o
 .debug_aranges
                0x0000000000000268       0x28 ./Core/Src/system_stm32f1xx.o
 .debug_aranges
                0x0000000000000290       0x60 ./Core/Src/traffic_light.o
 .debug_aranges
                0x00000000000002f0       0x28 ./Core/Startup/startup_stm32f103c6ux.o
 .debug_aranges
                0x0000000000000318       0xe0 ./Drivers/STM32F1xx_HAL_Driver/Src/stm32f1xx_hal.o
 .debug_aranges
                0x00000000000003f8      0x100 ./Drivers/STM32F1xx_HAL_Driver/Src/stm32f1xx_hal_cortex.o
 .debug_aranges
                0x00000000000004f8       0x58 ./Drivers/STM32F1xx_HAL_Driver/Src/stm32f1xx_hal_gpio.o
 .debug_aranges
                0x0000000000000550       0x90 ./Drivers/STM32F1xx_HAL_Driver/Src/stm32f1xx_hal_rcc.o
 .debug_aranges
                0x00000000000005e0      0x3d0 ./Drivers/STM32F1xx_HAL_Driver/Src/stm32f1xx_hal_tim.o
 .debug_aranges
                0x00000000000009b0      0x168 ./Drivers/STM32F1xx_HAL_Driver/Src/stm32f1xx_hal_tim_ex.o

.debug_ranges   0x0000000000000000      0x9f0
 .debug_ranges  0x0000000000000000       0x20 ./Core/Src/button.o
 .debug_ranges  0x0000000000000020       0x10 ./Core/Src/fsm_automatic.o
 .debug_ranges  0x0000000000000030       0x10 ./Core/Src/fsm_manual.o
 .debug_ranges  0x0000000000000040       0x18 ./Core/Src/global.o
 .debug_ranges  0x0000000000000058       0x28 ./Core/Src/led7_segment.o
 .debug_ranges  0x0000000000000080       0x38 ./Core/Src/main.o
 .debug_ranges  0x00000000000000b8       0x38 ./Core/Src/scheduler.o
 .debug_ranges  0x00000000000000f0       0x60 ./Core/Src/software_timer.o
 .debug_ranges  0x0000000000000150       0x20 ./Core/Src/stm32f1xx_hal_msp.o
 .debug_ranges  0x0000000000000170       0x58 ./Core/Src/stm32f1xx_it.o
 .debug_ranges  0x00000000000001c8       0x18 ./Core/Src/system_stm32f1xx.o
 .debug_ranges  0x00000000000001e0       0x50 ./Core/Src/traffic_light.o
 .debug_ranges  0x0000000000000230       0x20 ./Core/Startup/startup_stm32f103c6ux.o
 .debug_ranges  0x0000000000000250       0xd0 ./Drivers/STM32F1xx_HAL_Driver/Src/stm32f1xx_hal.o
 .debug_ranges  0x0000000000000320       0xf0 ./Drivers/STM32F1xx_HAL_Driver/Src/stm32f1xx_hal_cortex.o
 .debug_ranges  0x0000000000000410       0x48 ./Drivers/STM32F1xx_HAL_Driver/Src/stm32f1xx_hal_gpio.o
 .debug_ranges  0x0000000000000458       0x80 ./Drivers/STM32F1xx_HAL_Driver/Src/stm32f1xx_hal_rcc.o
 .debug_ranges  0x00000000000004d8      0x3c0 ./Drivers/STM32F1xx_HAL_Driver/Src/stm32f1xx_hal_tim.o
 .debug_ranges  0x0000000000000898      0x158 ./Drivers/STM32F1xx_HAL_Driver/Src/stm32f1xx_hal_tim_ex.o

.debug_macro    0x0000000000000000    0x171bd
 .debug_macro   0x0000000000000000      0x1eb ./Core/Src/button.o
 .debug_macro   0x00000000000001eb      0xa9c ./Core/Src/button.o
 .debug_macro   0x0000000000000c87      0x215 ./Core/Src/button.o
 .debug_macro   0x0000000000000e9c       0x2e ./Core/Src/button.o
 .debug_macro   0x0000000000000eca       0x22 ./Core/Src/button.o
 .debug_macro   0x0000000000000eec       0x22 ./Core/Src/button.o
 .debug_macro   0x0000000000000f0e       0x8e ./Core/Src/button.o
 .debug_macro   0x0000000000000f9c       0x51 ./Core/Src/button.o
 .debug_macro   0x0000000000000fed      0x103 ./Core/Src/button.o
 .debug_macro   0x00000000000010f0       0x6a ./Core/Src/button.o
 .debug_macro   0x000000000000115a      0x1df ./Core/Src/button.o
 .debug_macro   0x0000000000001339       0x1c ./Core/Src/button.o
 .debug_macro   0x0000000000001355       0x22 ./Core/Src/button.o
 .debug_macro   0x0000000000001377       0xc3 ./Core/Src/button.o
 .debug_macro   0x000000000000143a      0xd23 ./Core/Src/button.o
 .debug_macro   0x000000000000215d     0xde75 ./Core/Src/button.o
 .debug_macro   0x000000000000ffd2       0x6d ./Core/Src/button.o
 .debug_macro   0x000000000001003f     0x3468 ./Core/Src/button.o
 .debug_macro   0x00000000000134a7      0x174 ./Core/Src/button.o
 .debug_macro   0x000000000001361b       0x5c ./Core/Src/button.o
 .debug_macro   0x0000000000013677      0x5be ./Core/Src/button.o
 .debug_macro   0x0000000000013c35      0x1b7 ./Core/Src/button.o
 .debug_macro   0x0000000000013dec      0x1cb ./Core/Src/button.o
 .debug_macro   0x0000000000013fb7      0x114 ./Core/Src/button.o
 .debug_macro   0x00000000000140cb      0x1b2 ./Core/Src/button.o
 .debug_macro   0x000000000001427d       0x27 ./Core/Src/button.o
 .debug_macro   0x00000000000142a4      0x12f ./Core/Src/button.o
 .debug_macro   0x00000000000143d3      0x1bc ./Core/Src/button.o
 .debug_macro   0x000000000001458f       0x34 ./Core/Src/button.o
 .debug_macro   0x00000000000145c3       0x3c ./Core/Src/button.o
 .debug_macro   0x00000000000145ff       0x57 ./Core/Src/button.o
 .debug_macro   0x0000000000014656       0x88 ./Core/Src/button.o
 .debug_macro   0x00000000000146de      0x183 ./Core/Src/button.o
 .debug_macro   0x0000000000014861      0x141 ./Core/Src/button.o
 .debug_macro   0x00000000000149a2      0x8d1 ./Core/Src/button.o
 .debug_macro   0x0000000000015273       0x69 ./Core/Src/button.o
 .debug_macro   0x00000000000152dc      0x154 ./Core/Src/button.o
 .debug_macro   0x0000000000015430       0x7c ./Core/Src/button.o
 .debug_macro   0x00000000000154ac       0x10 ./Core/Src/button.o
 .debug_macro   0x00000000000154bc      0x20e ./Core/Src/fsm_automatic.o
 .debug_macro   0x00000000000156ca       0x16 ./Core/Src/fsm_automatic.o
 .debug_macro   0x00000000000156e0      0x1f1 ./Core/Src/fsm_manual.o
 .debug_macro   0x00000000000158d1      0x1e7 ./Core/Src/global.o
 .debug_macro   0x0000000000015ab8      0x1b1 ./Core/Src/led7_segment.o
 .debug_macro   0x0000000000015c69      0x21a ./Core/Src/main.o
 .debug_macro   0x0000000000015e83      0x20e ./Core/Src/scheduler.o
 .debug_macro   0x0000000000016091       0x1b ./Core/Src/software_timer.o
 .debug_macro   0x00000000000160ac      0x1a7 ./Core/Src/stm32f1xx_hal_msp.o
 .debug_macro   0x0000000000016253      0x1b1 ./Core/Src/stm32f1xx_it.o
 .debug_macro   0x0000000000016404      0x198 ./Core/Src/system_stm32f1xx.o
 .debug_macro   0x000000000001659c      0x1ef ./Core/Src/traffic_light.o
 .debug_macro   0x000000000001678b      0x1bc ./Drivers/STM32F1xx_HAL_Driver/Src/stm32f1xx_hal.o
 .debug_macro   0x0000000000016947      0x198 ./Drivers/STM32F1xx_HAL_Driver/Src/stm32f1xx_hal_cortex.o
 .debug_macro   0x0000000000016adf      0x203 ./Drivers/STM32F1xx_HAL_Driver/Src/stm32f1xx_hal_gpio.o
 .debug_macro   0x0000000000016ce2      0x1aa ./Drivers/STM32F1xx_HAL_Driver/Src/stm32f1xx_hal_rcc.o
 .debug_macro   0x0000000000016e8c      0x199 ./Drivers/STM32F1xx_HAL_Driver/Src/stm32f1xx_hal_tim.o
 .debug_macro   0x0000000000017025      0x198 ./Drivers/STM32F1xx_HAL_Driver/Src/stm32f1xx_hal_tim_ex.o

.debug_line     0x0000000000000000     0xce1d
 .debug_line    0x0000000000000000      0x77c ./Core/Src/button.o
 .debug_line    0x000000000000077c      0x86e ./Core/Src/fsm_automatic.o
 .debug_line    0x0000000000000fea      0x8fd ./Core/Src/fsm_manual.o
 .debug_line    0x00000000000018e7      0x718 ./Core/Src/global.o
 .debug_line    0x0000000000001fff      0x787 ./Core/Src/led7_segment.o
 .debug_line    0x0000000000002786      0x82f ./Core/Src/main.o
 .debug_line    0x0000000000002fb5      0x88a ./Core/Src/scheduler.o
 .debug_line    0x000000000000383f      0x22f ./Core/Src/software_timer.o
 .debug_line    0x0000000000003a6e      0x6cd ./Core/Src/stm32f1xx_hal_msp.o
 .debug_line    0x000000000000413b      0x76b ./Core/Src/stm32f1xx_it.o
 .debug_line    0x00000000000048a6      0x70f ./Core/Src/system_stm32f1xx.o
 .debug_line    0x0000000000004fb5      0x7af ./Core/Src/traffic_light.o
 .debug_line    0x0000000000005764       0x86 ./Core/Startup/startup_stm32f103c6ux.o
 .debug_line    0x00000000000057ea      0x93c ./Drivers/STM32F1xx_HAL_Driver/Src/stm32f1xx_hal.o
 .debug_line    0x0000000000006126      0xb24 ./Drivers/STM32F1xx_HAL_Driver/Src/stm32f1xx_hal_cortex.o
 .debug_line    0x0000000000006c4a      0x9bd ./Drivers/STM32F1xx_HAL_Driver/Src/stm32f1xx_hal_gpio.o
 .debug_line    0x0000000000007607      0xd4a ./Drivers/STM32F1xx_HAL_Driver/Src/stm32f1xx_hal_rcc.o
 .debug_line    0x0000000000008351     0x329a ./Drivers/STM32F1xx_HAL_Driver/Src/stm32f1xx_hal_tim.o
 .debug_line    0x000000000000b5eb     0x1832 ./Drivers/STM32F1xx_HAL_Driver/Src/stm32f1xx_hal_tim_ex.o

.debug_str      0x0000000000000000    0x8264c
 .debug_str     0x0000000000000000    0x7f976 ./Core/Src/button.o
                                      0x7fcf1 (size before relaxing)
 .debug_str     0x000000000007f976       0xc2 ./Core/Src/fsm_automatic.o
                                      0x7fce6 (size before relaxing)
 .debug_str     0x000000000007fa38       0x24 ./Core/Src/fsm_manual.o
                                      0x7fc55 (size before relaxing)
 .debug_str     0x000000000007fa5c       0x2d ./Core/Src/global.o
                                      0x7fc4b (size before relaxing)
 .debug_str     0x000000000007fa89       0x65 ./Core/Src/led7_segment.o
                                      0x7f9ba (size before relaxing)
 .debug_str     0x000000000007faee      0x6d8 ./Core/Src/main.o
                                      0x80480 (size before relaxing)
 .debug_str     0x00000000000801c6       0x90 ./Core/Src/scheduler.o
                                      0x7fd4e (size before relaxing)
 .debug_str     0x0000000000080256      0x12b ./Core/Src/software_timer.o
                                       0x2f16 (size before relaxing)
 .debug_str     0x0000000000080381      0x2ba ./Core/Src/stm32f1xx_hal_msp.o
                                      0x80134 (size before relaxing)
 .debug_str     0x000000000008063b       0xcd ./Core/Src/stm32f1xx_it.o
                                      0x7fe96 (size before relaxing)
 .debug_str     0x0000000000080708       0x52 ./Core/Src/system_stm32f1xx.o
                                      0x7f503 (size before relaxing)
 .debug_str     0x000000000008075a       0x8e ./Core/Src/traffic_light.o
                                      0x7fcdd (size before relaxing)
 .debug_str     0x00000000000807e8       0x36 ./Core/Startup/startup_stm32f103c6ux.o
                                         0x6e (size before relaxing)
 .debug_str     0x000000000008081e      0x304 ./Drivers/STM32F1xx_HAL_Driver/Src/stm32f1xx_hal.o
                                      0x7fb5a (size before relaxing)
 .debug_str     0x0000000000080b22      0x300 ./Drivers/STM32F1xx_HAL_Driver/Src/stm32f1xx_hal_cortex.o
                                      0x7fb62 (size before relaxing)
 .debug_str     0x0000000000080e22      0x31f ./Drivers/STM32F1xx_HAL_Driver/Src/stm32f1xx_hal_gpio.o
                                      0x7f8c7 (size before relaxing)
 .debug_str     0x0000000000081141      0x24f ./Drivers/STM32F1xx_HAL_Driver/Src/stm32f1xx_hal_rcc.o
                                      0x7f900 (size before relaxing)
 .debug_str     0x0000000000081390      0xdce ./Drivers/STM32F1xx_HAL_Driver/Src/stm32f1xx_hal_tim.o
                                      0x808d2 (size before relaxing)
 .debug_str     0x000000000008215e      0x4ee ./Drivers/STM32F1xx_HAL_Driver/Src/stm32f1xx_hal_tim_ex.o
                                      0x80083 (size before relaxing)

.comment        0x0000000000000000       0x53
 .comment       0x0000000000000000       0x53 ./Core/Src/button.o
                                         0x54 (size before relaxing)
 .comment       0x0000000000000053       0x54 ./Core/Src/fsm_automatic.o
 .comment       0x0000000000000053       0x54 ./Core/Src/fsm_manual.o
 .comment       0x0000000000000053       0x54 ./Core/Src/global.o
 .comment       0x0000000000000053       0x54 ./Core/Src/led7_segment.o
 .comment       0x0000000000000053       0x54 ./Core/Src/main.o
 .comment       0x0000000000000053       0x54 ./Core/Src/scheduler.o
 .comment       0x0000000000000053       0x54 ./Core/Src/software_timer.o
 .comment       0x0000000000000053       0x54 ./Core/Src/stm32f1xx_hal_msp.o
 .comment       0x0000000000000053       0x54 ./Core/Src/stm32f1xx_it.o
 .comment       0x0000000000000053       0x54 ./Core/Src/system_stm32f1xx.o
 .comment       0x0000000000000053       0x54 ./Core/Src/traffic_light.o
 .comment       0x0000000000000053       0x54 ./Drivers/STM32F1xx_HAL_Driver/Src/stm32f1xx_hal.o
 .comment       0x0000000000000053       0x54 ./Drivers/STM32F1xx_HAL_Driver/Src/stm32f1xx_hal_cortex.o
 .comment       0x0000000000000053       0x54 ./Drivers/STM32F1xx_HAL_Driver/Src/stm32f1xx_hal_gpio.o
 .comment       0x0000000000000053       0x54 ./Drivers/STM32F1xx_HAL_Driver/Src/stm32f1xx_hal_rcc.o
 .comment       0x0000000000000053       0x54 ./Drivers/STM32F1xx_HAL_Driver/Src/stm32f1xx_hal_tim.o
 .comment       0x0000000000000053       0x54 ./Drivers/STM32F1xx_HAL_Driver/Src/stm32f1xx_hal_tim_ex.o

.debug_frame    0x0000000000000000     0x2b60
 .debug_frame   0x0000000000000000       0x84 ./Core/Src/button.o
 .debug_frame   0x0000000000000084       0x2c ./Core/Src/fsm_automatic.o
 .debug_frame   0x00000000000000b0       0x2c ./Core/Src/fsm_manual.o
 .debug_frame   0x00000000000000dc       0x50 ./Core/Src/global.o
 .debug_frame   0x000000000000012c       0xa0 ./Core/Src/led7_segment.o
 .debug_frame   0x00000000000001cc       0xd4 ./Core/Src/main.o
 .debug_frame   0x00000000000002a0       0xfc ./Core/Src/scheduler.o
 .debug_frame   0x000000000000039c      0x1c0 ./Core/Src/software_timer.o
 .debug_frame   0x000000000000055c       0x80 ./Core/Src/stm32f1xx_hal_msp.o
 .debug_frame   0x00000000000005dc      0x120 ./Core/Src/stm32f1xx_it.o
 .debug_frame   0x00000000000006fc       0x58 ./Core/Src/system_stm32f1xx.o
 .debug_frame   0x0000000000000754      0x10c ./Core/Src/traffic_light.o
 .debug_frame   0x0000000000000860      0x334 ./Drivers/STM32F1xx_HAL_Driver/Src/stm32f1xx_hal.o
 .debug_frame   0x0000000000000b94      0x428 ./Drivers/STM32F1xx_HAL_Driver/Src/stm32f1xx_hal_cortex.o
 .debug_frame   0x0000000000000fbc      0x14c ./Drivers/STM32F1xx_HAL_Driver/Src/stm32f1xx_hal_gpio.o
 .debug_frame   0x0000000000001108      0x21c ./Drivers/STM32F1xx_HAL_Driver/Src/stm32f1xx_hal_rcc.o
 .debug_frame   0x0000000000001324     0x11b8 ./Drivers/STM32F1xx_HAL_Driver/Src/stm32f1xx_hal_tim.o
 .debug_frame   0x00000000000024dc      0x638 ./Drivers/STM32F1xx_HAL_Driver/Src/stm32f1xx_hal_tim_ex.o
 .debug_frame   0x0000000000002b14       0x2c e:/stm32_cubeide/stm32cubeide_1.7.0/stm32cubeide/plugins/com.st.stm32cube.ide.mcu.externaltools.gnu-tools-for-stm32.9-2020-q2-update.win32_2.0.0.202105311346/tools/bin/../lib/gcc/arm-none-eabi/9.3.1/../../../../arm-none-eabi/lib/thumb/v7-m/nofp\libc_nano.a(lib_a-init.o)
 .debug_frame   0x0000000000002b40       0x20 e:/stm32_cubeide/stm32cubeide_1.7.0/stm32cubeide/plugins/com.st.stm32cube.ide.mcu.externaltools.gnu-tools-for-stm32.9-2020-q2-update.win32_2.0.0.202105311346/tools/bin/../lib/gcc/arm-none-eabi/9.3.1/../../../../arm-none-eabi/lib/thumb/v7-m/nofp\libc_nano.a(lib_a-memset.o)
